src/App.tsx(1,8): error TS6133: 'React' is declared but its value is never read.
src/components/LeadTable.tsx(1,1): error TS6133: 'React' is declared but its value is never read.
src/components/LeadTable.tsx(3,10): error TS1484: 'LeadOrder' is a type and must be imported using a type-only import when 'verbatimModuleSyntax' is enabled.
src/components/ProtectedRoute.tsx(4,10): error TS1484: 'Role' is a type and must be imported using a type-only import when 'verbatimModuleSyntax' is enabled.
src/components/Sidebar.tsx(1,1): error TS6133: 'React' is declared but its value is never read.
src/components/StatCard.tsx(1,1): error TS6133: 'React' is declared but its value is never read.
src/components/StatusBadge.tsx(1,1): error TS6133: 'React' is declared but its value is never read.
src/components/StatusBadge.tsx(2,10): error TS1484: 'OrderStatus' is a type and must be imported using a type-only import when 'verbatimModuleSyntax' is enabled.
src/components/Topbar.tsx(1,1): error TS6133: 'React' is declared but its value is never read.
src/context/AuthContext.tsx(1,8): error TS6133: 'React' is declared but its value is never read.
src/context/AuthContext.tsx(1,65): error TS1484: 'ReactNode' is a type and must be imported using a type-only import when 'verbatimModuleSyntax' is enabled.
src/context/AuthContext.tsx(2,10): error TS1484: 'User' is a type and must be imported using a type-only import when 'verbatimModuleSyntax' is enabled.
src/layouts/DashboardLayout.tsx(1,1): error TS6133: 'React' is declared but its value is never read.
src/layouts/PublicLayout.tsx(1,1): error TS6133: 'React' is declared but its value is never read.
src/lib/auth.ts(2,10): error TS1484: 'AuthSession' is a type and must be imported using a type-only import when 'verbatimModuleSyntax' is enabled.
src/lib/auth.ts(2,23): error TS1484: 'User' is a type and must be imported using a type-only import when 'verbatimModuleSyntax' is enabled.
src/lib/referral.ts(2,10): error TS1484: 'ReferralCode' is a type and must be imported using a type-only import when 'verbatimModuleSyntax' is enabled.
src/lib/seed.ts(2,10): error TS1484: 'User' is a type and must be imported using a type-only import when 'verbatimModuleSyntax' is enabled.
src/lib/seed.ts(2,16): error TS1484: 'Product' is a type and must be imported using a type-only import when 'verbatimModuleSyntax' is enabled.
src/lib/seed.ts(2,25): error TS1484: 'PickupPoint' is a type and must be imported using a type-only import when 'verbatimModuleSyntax' is enabled.
src/lib/seed.ts(2,38): error TS1484: 'ReferralCode' is a type and must be imported using a type-only import when 'verbatimModuleSyntax' is enabled.
src/lib/seed.ts(2,52): error TS1484: 'LeadOrder' is a type and must be imported using a type-only import when 'verbatimModuleSyntax' is enabled.
src/pages/admin/AdminDashboardPage.tsx(1,8): error TS6133: 'React' is declared but its value is never read.
src/pages/admin/AdminDashboardPage.tsx(5,10): error TS1484: 'LeadOrder' is a type and must be imported using a type-only import when 'verbatimModuleSyntax' is enabled.
src/pages/admin/AdminDashboardPage.tsx(5,21): error TS1484: 'User' is a type and must be imported using a type-only import when 'verbatimModuleSyntax' is enabled.
src/pages/admin/AdminDashboardPage.tsx(5,27): error TS1484: 'ReferralCode' is a type and must be imported using a type-only import when 'verbatimModuleSyntax' is enabled.
src/pages/admin/AdminDashboardPage.tsx(6,27): error TS6133: 'Tag' is declared but its value is never read.
src/pages/admin/AdminDashboardPage.tsx(11,10): error TS6133: 'referrals' is declared but its value is never read.
src/pages/admin/LeadManagementPage.tsx(1,8): error TS6133: 'React' is declared but its value is never read.
src/pages/admin/LeadManagementPage.tsx(4,10): error TS1484: 'LeadOrder' is a type and must be imported using a type-only import when 'verbatimModuleSyntax' is enabled.
src/pages/admin/LeadManagementPage.tsx(4,21): error TS1484: 'OrderStatus' is a type and must be imported using a type-only import when 'verbatimModuleSyntax' is enabled.
src/pages/admin/LeadManagementPage.tsx(4,34): error TS1484: 'Product' is a type and must be imported using a type-only import when 'verbatimModuleSyntax' is enabled.
src/pages/admin/LeadManagementPage.tsx(4,43): error TS1484: 'User' is a type and must be imported using a type-only import when 'verbatimModuleSyntax' is enabled.
src/pages/admin/ProductManagementPage.tsx(1,8): error TS6133: 'React' is declared but its value is never read.
src/pages/admin/ProductManagementPage.tsx(3,10): error TS1484: 'Product' is a type and must be imported using a type-only import when 'verbatimModuleSyntax' is enabled.
src/pages/admin/ReferralManagementPage.tsx(1,8): error TS6133: 'React' is declared but its value is never read.
src/pages/admin/ReferralManagementPage.tsx(3,10): error TS1484: 'ReferralCode' is a type and must be imported using a type-only import when 'verbatimModuleSyntax' is enabled.
src/pages/admin/ReferralManagementPage.tsx(3,24): error TS1484: 'User' is a type and must be imported using a type-only import when 'verbatimModuleSyntax' is enabled.
src/pages/admin/ReportsPage.tsx(1,8): error TS6133: 'React' is declared but its value is never read.
src/pages/admin/ReportsPage.tsx(3,10): error TS1484: 'LeadOrder' is a type and must be imported using a type-only import when 'verbatimModuleSyntax' is enabled.
src/pages/admin/ReportsPage.tsx(3,21): error TS1484: 'Product' is a type and must be imported using a type-only import when 'verbatimModuleSyntax' is enabled.
src/pages/admin/SalesManagementPage.tsx(1,8): error TS6133: 'React' is declared but its value is never read.
src/pages/admin/SalesManagementPage.tsx(3,10): error TS1484: 'User' is a type and must be imported using a type-only import when 'verbatimModuleSyntax' is enabled.
src/pages/admin/SalesManagementPage.tsx(3,16): error TS1484: 'LeadOrder' is a type and must be imported using a type-only import when 'verbatimModuleSyntax' is enabled.
src/pages/public/AboutPage.tsx(1,1): error TS6133: 'React' is declared but its value is never read.
src/pages/public/ContactPage.tsx(1,1): error TS6133: 'React' is declared but its value is never read.
src/pages/public/FeaturesPage.tsx(1,1): error TS6133: 'React' is declared but its value is never read.
src/pages/public/HomePage.tsx(1,1): error TS6133: 'React' is declared but its value is never read.
src/pages/public/OrderFormPage.tsx(6,10): error TS1484: 'Product' is a type and must be imported using a type-only import when 'verbatimModuleSyntax' is enabled.
src/pages/public/OrderFormPage.tsx(6,19): error TS1484: 'PickupPoint' is a type and must be imported using a type-only import when 'verbatimModuleSyntax' is enabled.
src/pages/public/OrderFormPage.tsx(6,32): error TS1484: 'LeadOrder' is a type and must be imported using a type-only import when 'verbatimModuleSyntax' is enabled.
src/pages/public/ProductsPage.tsx(1,8): error TS6133: 'React' is declared but its value is never read.
src/pages/public/ProductsPage.tsx(3,10): error TS1484: 'Product' is a type and must be imported using a type-only import when 'verbatimModuleSyntax' is enabled.
src/pages/public/ThankYouPage.tsx(1,1): error TS6133: 'React' is declared but its value is never read.
src/pages/sales/LeadDetailPage.tsx(1,8): error TS6133: 'React' is declared but its value is never read.
src/pages/sales/LeadDetailPage.tsx(4,10): error TS1484: 'LeadOrder' is a type and must be imported using a type-only import when 'verbatimModuleSyntax' is enabled.
src/pages/sales/LeadDetailPage.tsx(4,21): error TS1484: 'OrderStatus' is a type and must be imported using a type-only import when 'verbatimModuleSyntax' is enabled.
src/pages/sales/LeadDetailPage.tsx(4,34): error TS1484: 'Product' is a type and must be imported using a type-only import when 'verbatimModuleSyntax' is enabled.
src/pages/sales/MyLeadsPage.tsx(1,8): error TS6133: 'React' is declared but its value is never read.
src/pages/sales/MyLeadsPage.tsx(4,10): error TS1484: 'LeadOrder' is a type and must be imported using a type-only import when 'verbatimModuleSyntax' is enabled.
src/pages/sales/MyReferralPage.tsx(1,8): error TS6133: 'React' is declared but its value is never read.
src/pages/sales/MyReferralPage.tsx(3,10): error TS1484: 'ReferralCode' is a type and must be imported using a type-only import when 'verbatimModuleSyntax' is enabled.
src/pages/sales/PerformancePage.tsx(1,8): error TS6133: 'React' is declared but its value is never read.
src/pages/sales/PerformancePage.tsx(3,10): error TS1484: 'LeadOrder' is a type and must be imported using a type-only import when 'verbatimModuleSyntax' is enabled.
src/pages/sales/PerformancePage.tsx(3,21): error TS1484: 'Product' is a type and must be imported using a type-only import when 'verbatimModuleSyntax' is enabled.
src/pages/sales/SalesDashboardPage.tsx(1,8): error TS6133: 'React' is declared but its value is never read.
src/pages/sales/SalesDashboardPage.tsx(5,10): error TS1484: 'LeadOrder' is a type and must be imported using a type-only import when 'verbatimModuleSyntax' is enabled.
